
> spardha-web@0.1.0 dev
> next dev

  ▲ Next.js 14.2.15
  - Local:        http://localhost:3000
  - Environments: .env

 ✓ Starting...
 ✓ Ready in 2.9s
(node:9296) [DEP0060] DeprecationWarning: The `util._extend` API is deprecated. Please use Object.assign() instead.
(Use `node --trace-deprecation ...` to show where the warning was created)
 ○ Compiling /admin ...
 ✓ Compiled /admin in 18.9s (2323 modules)
 ✓ Compiled in 974ms (1160 modules)
 ○ Compiling /admin/registrations ...
 ✓ Compiled /admin/registrations in 1862ms (2311 modules)
 ✓ Compiled in 1990ms (1841 modules)
 ✓ Compiled in 869ms (1169 modules)
 ✓ Compiled in 1004ms (1841 modules)
 ✓ Compiled in 1109ms (1169 modules)
 ⚠ Found a change in next.config.mjs. Restarting the server to apply the changes...
  ▲ Next.js 14.2.15
  - Local:        http://localhost:3000
  - Environments: .env

 ✓ Starting...
 ✓ Ready in 4.6s
 ○ Compiling /admin ...
 ✓ Compiled /admin in 24.5s (2323 modules)
(node:9823) [DEP0060] DeprecationWarning: The `util._extend` API is deprecated. Please use Object.assign() instead.
(Use `node --trace-deprecation ...` to show where the warning was created)
 ✓ Compiled in 1538ms (1160 modules)
 ○ Compiling /admin/payments ...
 ✓ Compiled /admin/payments in 1578ms (1831 modules)
 ⚠ Found a change in next.config.mjs. Restarting the server to apply the changes...
  ▲ Next.js 14.2.15
  - Local:        http://localhost:3000
  - Environments: .env

 ✓ Starting...
 ✓ Ready in 4.9s
 ○ Compiling /admin/registrations ...
 ✓ Compiled /admin/registrations in 18.8s (1376 modules)
(node:10544) [DEP0060] DeprecationWarning: The `util._extend` API is deprecated. Please use Object.assign() instead.
(Use `node --trace-deprecation ...` to show where the warning was created)
 ✓ Compiled in 1034ms (686 modules)
 ⚠ Found a change in next.config.mjs. Restarting the server to apply the changes...
  ▲ Next.js 14.2.15
  - Local:        http://localhost:3000
  - Environments: .env

 ✓ Starting...
 ✓ Ready in 4.8s
 ○ Compiling /admin/registrations ...
 ✓ Compiled /admin/registrations in 14.4s (1376 modules)
 ✓ Compiled in 1488ms (686 modules)
